<FOO><BAR/><BAR x="1"/><BAR x="1" y="2"/><BAR><BAR/><BARBAR/><BA/><FOO/></BAR><BAR>blah</BAR><BAR x="1">blah</BAR><BAR>&lt;&amp;&gt;&apos;&quot;</BAR><BAR>abc</BAR><BAR>&lt;&amp;&gt;&quot;&apos;!:&#x2030;</BAR></FOO>
