<FOO x="1" z="defaultValue" y="fixedValue">INCLUDE
</FOO>