<FOO x="1" z="defaultValue" y="fixedValue">INCLUDE
&#x9;
&#xd;&#xd;</FOO>