<FOO cr="&#xd;" cr2="&#xd;" lf="
" lf2=" " lf3="
" lf4=" " sp=" " sp2=" " sp3=" " sp4=" " tab="&#x9;" bell="&#x7;" bell2="&#x7;" all=" 
 &#xd;&#x9;&#x7;"/>